Using DATABASE_URL: file:C:/Users/emi/Desktop/blockchains/thinqmedia/prisma/dev.db
node : C:\Users\emi\Desktop\blockchains\thinqmedia\node_m
odules\@prisma\client\runtime\client.js:70
At line:1 char:1
+ node test-prisma.js > test-output.txt 2>&1
+ ~~~~~~~~~~~~~~~~~~~~~~~~~~~~~~~~~~~~~~~~~~
    + CategoryInfo          : NotSpecified: (C:\Users\em 
   i\De...me\client.js:70:String) [], RemoteException
    + FullyQualifiedErrorId : NativeCommandError
 
${n}`}var 
hl=require("@prisma/client-runtime-utils");function 
wl(e){return e.length===0?Promise.resolve([]):new 
Promise((t,r)=>{let n=new Array(e.length),i=null,o=!1,s=0
,a=()=>{o||(s++,s===e.length&&(o=!0,i?r(i):t(n)))},l=c=>{
o||(o=!0,r(c))};for(let c=0;c<e.length;c++)e[c].then(u=>{
n[c]=u,a()},u=>{if(!(0,hl.hasBatchIndex)(u)){l(u);return}
u.batchRequestIdx===c?l(u):(i||(i=u),a())})})}var 
Lt=M("prisma:client");typeof 
globalThis=="object"&&(globalThis.NODE_CLIENT=!0);var Bd=
{requestArgsToMiddlewareArgs:e=>e,middlewareArgsToRequest
Args:e=>e},Qd=Symbol.for("prisma.client.transaction.id"),
Hd={id:0,nextId(){return++this.id}};function Pl(e){class 
t{_originalClient=this;_runtimeDataModel;_requestHandler;
_connectionPromise;_disconnectionPromise;_engineConfig;_a
ccelerateEngineConfig;_clientVersion;_errorFormat;_tracin
gHelper;_previewFeatures;_activeProvider;_globalOmit;_ext
ensions;_engine;_appliedParent;_createPrismaPromise=ti();
constructor(n){if(!n)throw new 
w.PrismaClientInitializationError("`PrismaClient` needs 
to be constructed with a non-empty, valid 
`PrismaClientOptions`:\n\n```\nnew PrismaClient({\n  
...\n})\n```\n\nor\n\n```\nconstructor() {\n  super({ 
... });\n}\n```\n          
",oi);e=n.__internal?.configOverride?.(e)??e,yl(n,e);let 
i=new Tl.EventEmitter().on("error",()=>{});this._extensio
ns=Le.empty(),this._previewFeatures=e.previewFeatures,thi
s._clientVersion=e.clientVersion??oi,this._activeProvider
=e.activeProvider,this._globalOmit=n?.omit,this._tracingH
elper=nl();let o;if(n.adapter){o=n.adapter;let s=e.active
Provider==="postgresql"||e.activeProvider==="cockroachdb"
?"postgres":e.activeProvider;if(o.provider!==s)throw new 
w.PrismaClientInitializationError(`The Driver Adapter 
\`${o.adapterName}\`, based on \`${o.provider}\`, is not 
compatible with the provider \`${s}\` specified in the 
Prisma schema.`,this._clientVersion)}try{let s=n??{},l=(s
.__internal??{}).debug===!0;if(l&&M.enable("prisma:client
"),s.errorFormat?this._errorFormat=s.errorFormat:process.
env.NODE_ENV==="production"?this._errorFormat="minimal":p
rocess.env.NO_COLOR?this._errorFormat="colorless":this._e
rrorFormat="colorless",this._runtimeDataModel=e.runtimeDa
taModel,this._engineConfig={enableDebugLogs:l,logLevel:s.
log&&ol(s.log),logQueries:s.log&&!!(typeof 
s.log=="string"?s.log==="query":s.log.find(c=>typeof c=="
string"?c==="query":c.level==="query")),compilerWasm:e.co
mpilerWasm,clientVersion:e.clientVersion,previewFeatures:
this._previewFeatures,activeProvider:e.activeProvider,inl
ineSchema:e.inlineSchema,tracingHelper:this._tracingHelpe
r,transactionOptions:{maxWait:s.transactionOptions?.maxWa
it??2e3,timeout:s.transactionOptions?.timeout??5e3,isolat
ionLevel:s.transactionOptions?.isolationLevel},logEmitter
:i,adapter:o,accelerateUrl:s.accelerateUrl,sqlCommenters:
s.comments},this._accelerateEngineConfig=Object.create(th
is._engineConfig),this._accelerateEngineConfig.accelerate
Utils={resolveDatasourceUrl:()=>{if(s.accelerateUrl)retur
n s.accelerateUrl;throw new 
w.PrismaClientInitializationError(`\`accelerateUrl\` is 
required when using \`@prisma/extension-accelerate\`:
                                                         
                                                         
                                                         
                                                         
                                                         
                                                         
                                                         
                                                         
                                                         
                                                         
                                                         
                                                         
                                                         
                                                         
                                                         
                                                         
                                               ^

PrismaClientInitializationError: `PrismaClient` needs to 
be constructed with a non-empty, valid 
`PrismaClientOptions`:

```
new PrismaClient({
  ...
})
```

or

```
constructor() {
  super({ ... });
}
```
          
    at new t (C:\Users\emi\Desktop\blockchains\thinqmedia
\node_modules\@prisma\client\runtime\client.js:70:960)
    at main (C:\Users\emi\Desktop\blockchains\thinqmedia\
test-prisma.js:9:20)
    at Object.<anonymous> (C:\Users\emi\Desktop\blockchai
ns\thinqmedia\test-prisma.js:21:1)
    at Module._compile 
(node:internal/modules/cjs/loader:1761:14)
    at Object..js 
(node:internal/modules/cjs/loader:1893:10)
    at Module.load 
(node:internal/modules/cjs/loader:1481:32)
    at Module._load 
(node:internal/modules/cjs/loader:1300:12)
    at TracingChannel.traceSync 
(node:diagnostics_channel:328:14)
    at wrapModuleLoad 
(node:internal/modules/cjs/loader:245:24)
    at Module.executeUserEntryPoint [as runMain] 
(node:internal/modules/run_main:154:5) {
  clientVersion: '7.3.0',
  errorCode: undefined,
  retryable: undefined
}

Node.js v24.11.1
